Archive member included to satisfy reference by file (symbol)

/home/cipolotti/st/stm32cubeide_1.18.1/plugins/com.st.stm32cube.ide.mcu.externaltools.gnu-tools-for-stm32.13.3.rel1.linux64_1.0.0.202410170706/tools/bin/../lib/gcc/arm-none-eabi/13.3.1/../../../../arm-none-eabi/lib/thumb/v6-m/nofp/libc_nano.a(libc_a-exit.o)
                              /home/cipolotti/st/stm32cubeide_1.18.1/plugins/com.st.stm32cube.ide.mcu.externaltools.gnu-tools-for-stm32.13.3.rel1.linux64_1.0.0.202410170706/tools/bin/../lib/gcc/arm-none-eabi/13.3.1/../../../../arm-none-eabi/lib/thumb/v6-m/nofp/crt0.o (exit)
/home/cipolotti/st/stm32cubeide_1.18.1/plugins/com.st.stm32cube.ide.mcu.externaltools.gnu-tools-for-stm32.13.3.rel1.linux64_1.0.0.202410170706/tools/bin/../lib/gcc/arm-none-eabi/13.3.1/../../../../arm-none-eabi/lib/thumb/v6-m/nofp/libc_nano.a(libc_a-findfp.o)
                              /home/cipolotti/st/stm32cubeide_1.18.1/plugins/com.st.stm32cube.ide.mcu.externaltools.gnu-tools-for-stm32.13.3.rel1.linux64_1.0.0.202410170706/tools/bin/../lib/gcc/arm-none-eabi/13.3.1/../../../../arm-none-eabi/lib/thumb/v6-m/nofp/libc_nano.a(libc_a-exit.o) (__stdio_exit_handler)
/home/cipolotti/st/stm32cubeide_1.18.1/plugins/com.st.stm32cube.ide.mcu.externaltools.gnu-tools-for-stm32.13.3.rel1.linux64_1.0.0.202410170706/tools/bin/../lib/gcc/arm-none-eabi/13.3.1/../../../../arm-none-eabi/lib/thumb/v6-m/nofp/libc_nano.a(libc_a-fwalk.o)
                              /home/cipolotti/st/stm32cubeide_1.18.1/plugins/com.st.stm32cube.ide.mcu.externaltools.gnu-tools-for-stm32.13.3.rel1.linux64_1.0.0.202410170706/tools/bin/../lib/gcc/arm-none-eabi/13.3.1/../../../../arm-none-eabi/lib/thumb/v6-m/nofp/libc_nano.a(libc_a-findfp.o) (_fwalk_sglue)
/home/cipolotti/st/stm32cubeide_1.18.1/plugins/com.st.stm32cube.ide.mcu.externaltools.gnu-tools-for-stm32.13.3.rel1.linux64_1.0.0.202410170706/tools/bin/../lib/gcc/arm-none-eabi/13.3.1/../../../../arm-none-eabi/lib/thumb/v6-m/nofp/libc_nano.a(libc_a-stdio.o)
                              /home/cipolotti/st/stm32cubeide_1.18.1/plugins/com.st.stm32cube.ide.mcu.externaltools.gnu-tools-for-stm32.13.3.rel1.linux64_1.0.0.202410170706/tools/bin/../lib/gcc/arm-none-eabi/13.3.1/../../../../arm-none-eabi/lib/thumb/v6-m/nofp/libc_nano.a(libc_a-findfp.o) (__sread)
/home/cipolotti/st/stm32cubeide_1.18.1/plugins/com.st.stm32cube.ide.mcu.externaltools.gnu-tools-for-stm32.13.3.rel1.linux64_1.0.0.202410170706/tools/bin/../lib/gcc/arm-none-eabi/13.3.1/../../../../arm-none-eabi/lib/thumb/v6-m/nofp/libc_nano.a(libc_a-memset.o)
                              /home/cipolotti/st/stm32cubeide_1.18.1/plugins/com.st.stm32cube.ide.mcu.externaltools.gnu-tools-for-stm32.13.3.rel1.linux64_1.0.0.202410170706/tools/bin/../lib/gcc/arm-none-eabi/13.3.1/../../../../arm-none-eabi/lib/thumb/v6-m/nofp/crt0.o (memset)
/home/cipolotti/st/stm32cubeide_1.18.1/plugins/com.st.stm32cube.ide.mcu.externaltools.gnu-tools-for-stm32.13.3.rel1.linux64_1.0.0.202410170706/tools/bin/../lib/gcc/arm-none-eabi/13.3.1/../../../../arm-none-eabi/lib/thumb/v6-m/nofp/libc_nano.a(libc_a-closer.o)
                              /home/cipolotti/st/stm32cubeide_1.18.1/plugins/com.st.stm32cube.ide.mcu.externaltools.gnu-tools-for-stm32.13.3.rel1.linux64_1.0.0.202410170706/tools/bin/../lib/gcc/arm-none-eabi/13.3.1/../../../../arm-none-eabi/lib/thumb/v6-m/nofp/libc_nano.a(libc_a-stdio.o) (_close_r)
/home/cipolotti/st/stm32cubeide_1.18.1/plugins/com.st.stm32cube.ide.mcu.externaltools.gnu-tools-for-stm32.13.3.rel1.linux64_1.0.0.202410170706/tools/bin/../lib/gcc/arm-none-eabi/13.3.1/../../../../arm-none-eabi/lib/thumb/v6-m/nofp/libc_nano.a(libc_a-reent.o)
                              /home/cipolotti/st/stm32cubeide_1.18.1/plugins/com.st.stm32cube.ide.mcu.externaltools.gnu-tools-for-stm32.13.3.rel1.linux64_1.0.0.202410170706/tools/bin/../lib/gcc/arm-none-eabi/13.3.1/../../../../arm-none-eabi/lib/thumb/v6-m/nofp/libc_nano.a(libc_a-closer.o) (errno)
/home/cipolotti/st/stm32cubeide_1.18.1/plugins/com.st.stm32cube.ide.mcu.externaltools.gnu-tools-for-stm32.13.3.rel1.linux64_1.0.0.202410170706/tools/bin/../lib/gcc/arm-none-eabi/13.3.1/../../../../arm-none-eabi/lib/thumb/v6-m/nofp/libc_nano.a(libc_a-impure.o)
                              /home/cipolotti/st/stm32cubeide_1.18.1/plugins/com.st.stm32cube.ide.mcu.externaltools.gnu-tools-for-stm32.13.3.rel1.linux64_1.0.0.202410170706/tools/bin/../lib/gcc/arm-none-eabi/13.3.1/../../../../arm-none-eabi/lib/thumb/v6-m/nofp/libc_nano.a(libc_a-reent.o) (_impure_ptr)
/home/cipolotti/st/stm32cubeide_1.18.1/plugins/com.st.stm32cube.ide.mcu.externaltools.gnu-tools-for-stm32.13.3.rel1.linux64_1.0.0.202410170706/tools/bin/../lib/gcc/arm-none-eabi/13.3.1/../../../../arm-none-eabi/lib/thumb/v6-m/nofp/libc_nano.a(libc_a-lseekr.o)
[...]
Memory Configuration

Name             Origin             Length             Attributes
RAM              0x20000000         0x00001000         xrw
FLASH            0x08000000         0x00008000         xr
*default*        0x00000000         0xffffffff

Linker script and memory map

LOAD /home/cipolotti/st/stm32cubeide_1.18.1/plugins/com.st.stm32cube.ide.mcu.externaltools.gnu-tools-for-stm32.13.3.rel1.linux64_1.0.0.202410170706/tools/bin/../lib/gcc/arm-none-eabi/13.3.1/thumb/v6-m/nofp/crti.o
LOAD /home/cipolotti/st/stm32cubeide_1.18.1/plugins/com.st.stm32cube.ide.mcu.externaltools.gnu-tools-for-stm32.13.3.rel1.linux64_1.0.0.202410170706/tools/bin/../lib/gcc/arm-none-eabi/13.3.1/thumb/v6-m/nofp/crtbegin.o
LOAD /home/cipolotti/st/stm32cubeide_1.18.1/plugins/com.st.stm32cube.ide.mcu.externaltools.gnu-tools-for-stm32.13.3.rel1.linux64_1.0.0.202410170706/tools/bin/../lib/gcc/arm-none-eabi/13.3.1/../../../../arm-none-eabi/lib/thumb/v6-m/nofp/crt0.o
LOAD ./Src/EUSART.o
LOAD ./Src/SPI.o
LOAD ./Src/configs.o
LOAD ./Src/delay.o
LOAD ./Src/main.o
LOAD ./Src/syscalls.o
LOAD ./Src/sysmem.o
LOAD ./Startup/startup_stm32f030k6tx.o
START GROUP
LOAD /home/cipolotti/st/stm32cubeide_1.18.1/plugins/com.st.stm32cube.ide.mcu.externaltools.gnu-tools-for-stm32.13.3.rel1.linux64_1.0.0.202410170706/tools/bin/../lib/gcc/arm-none-eabi/13.3.1/../../../../arm-none-eabi/lib/thumb/v6-m/nofp/libc_nano.a
LOAD /home/cipolotti/st/stm32cubeide_1.18.1/plugins/com.st.stm32cube.ide.mcu.externaltools.gnu-tools-for-stm32.13.3.rel1.linux64_1.0.0.202410170706/tools/bin/../lib/gcc/arm-none-eabi/13.3.1/../../../../arm-none-eabi/lib/thumb/v6-m/nofp/libm.a
END GROUP
START GROUP
LOAD /home/cipolotti/st/stm32cubeide_1.18.1/plugins/com.st.stm32cube.ide.mcu.externaltools.gnu-tools-for-stm32.13.3.rel1.linux64_1.0.0.202410170706/tools/bin/../lib/gcc/arm-none-eabi/13.3.1/thumb/v6-m/nofp/libgcc.a
LOAD /home/cipolotti/st/stm32cubeide_1.18.1/plugins/com.st.stm32cube.ide.mcu.externaltools.gnu-tools-for-stm32.13.3.rel1.linux64_1.0.0.202410170706/tools/bin/../lib/gcc/arm-none-eabi/13.3.1/../../../../arm-none-eabi/lib/thumb/v6-m/nofp/libc_nano.a
END GROUP
START GROUP
LOAD /home/cipolotti/st/stm32cubeide_1.18.1/plugins/com.st.stm32cube.ide.mcu.externaltools.gnu-tools-for-stm32.13.3.rel1.linux64_1.0.0.202410170706/tools/bin/../lib/gcc/arm-none-eabi/13.3.1/thumb/v6-m/nofp/libgcc.a
LOAD /home/cipolotti/st/stm32cubeide_1.18.1/plugins/com.st.stm32cube.ide.mcu.externaltools.gnu-tools-for-stm32.13.3.rel1.linux64_1.0.0.202410170706/tools/bin/../lib/gcc/arm-none-eabi/13.3.1/../../../../arm-none-eabi/lib/thumb/v6-m/nofp/libc_nano.a
LOAD /home/cipolotti/st/stm32cubeide_1.18.1/plugins/com.st.stm32cube.ide.mcu.externaltools.gnu-tools-for-stm32.13.3.rel1.linux64_1.0.0.202410170706/tools/bin/../lib/gcc/arm-none-eabi/13.3.1/../../../../arm-none-eabi/lib/thumb/v6-m/nofp/libnosys.a
END GROUP
START GROUP
LOAD /home/cipolotti/st/stm32cubeide_1.18.1/plugins/com.st.stm32cube.ide.mcu.externaltools.gnu-tools-for-stm32.13.3.rel1.linux64_1.0.0.202410170706/tools/bin/../lib/gcc/arm-none-eabi/13.3.1/thumb/v6-m/nofp/libgcc.a
LOAD /home/cipolotti/st/stm32cubeide_1.18.1/plugins/com.st.stm32cube.ide.mcu.externaltools.gnu-tools-for-stm32.13.3.rel1.linux64_1.0.0.202410170706/tools/bin/../lib/gcc/arm-none-eabi/13.3.1/../../../../arm-none-eabi/lib/thumb/v6-m/nofp/libc_nano.a
LOAD /home/cipolotti/st/stm32cubeide_1.18.1/plugins/com.st.stm32cube.ide.mcu.externaltools.gnu-tools-for-stm32.13.3.rel1.linux64_1.0.0.202410170706/tools/bin/../lib/gcc/arm-none-eabi/13.3.1/../../../../arm-none-eabi/lib/thumb/v6-m/nofp/libnosys.a
END GROUP
LOAD /home/cipolotti/st/stm32cubeide_1.18.1/plugins/com.st.stm32cube.ide.mcu.externaltools.gnu-tools-for-stm32.13.3.rel1.linux64_1.0.0.202410170706/tools/bin/../lib/gcc/arm-none-eabi/13.3.1/thumb/v6-m/nofp/crtend.o
LOAD /home/cipolotti/st/stm32cubeide_1.18.1/plugins/com.st.stm32cube.ide.mcu.externaltools.gnu-tools-for-stm32.13.3.rel1.linux64_1.0.0.202410170706/tools/bin/../lib/gcc/arm-none-eabi/13.3.1/thumb/v6-m/nofp/crtn.o
                0x20001000                        _estack = (ORIGIN (RAM) + LENGTH (RAM))
                0x00000200                        _Min_Heap_Size = 0x200
                0x00000400                        _Min_Stack_Size = 0x400

.isr_vector     0x08000000       0xc0
                0x08000000                        . = ALIGN (0x4)
 *(.isr_vector)
 .isr_vector    0x08000000       0xc0 ./Startup/startup_stm32f030k6tx.o
                0x08000000                g_pfnVectors
                0x080000c0                        . = ALIGN (0x4)

.text           0x080000c0      0xbb4
                0x080000c0                        . = ALIGN (0x4)
 *(.text)
 .text          0x080000c0       0x48 /home/cipolotti/st/stm32cubeide_1.18.1/plugins/com.st.stm32cube.ide.mcu.externaltools.gnu-tools-for-stm32.13.3.rel1.linux64_1.0.0.202410170706/tools/bin/../lib/gcc/arm-none-eabi/13.3.1/thumb/v6-m/nofp/crtbegin.o
 .text          0x08000108      0x114 /home/cipolotti/st/stm32cubeide_1.18.1/plugins/com.st.stm32cube.ide.mcu.externaltools.gnu-tools-for-stm32.13.3.rel1.linux64_1.0.0.202410170706/tools/bin/../lib/gcc/arm-none-eabi/13.3.1/thumb/v6-m/nofp/libgcc.a(_udivsi3.o)
                0x08000108                __udivsi3
                0x08000108                __aeabi_uidiv
                0x08000214                __aeabi_uidivmod
 .text          0x0800021c      0x1d4 /home/cipolotti/st/stm32cubeide_1.18.1/plugins/com.st.stm32cube.ide.mcu.externaltools.gnu-tools-for-stm32.13.3.rel1.linux64_1.0.0.202410170706/tools/bin/../lib/gcc/arm-none-eabi/13.3.1/thumb/v6-m/nofp/libgcc.a(_divsi3.o)
                0x0800021c                __aeabi_idiv
                0x0800021c                __divsi3
                0x080003e8                __aeabi_idivmod
 .text          0x080003f0        0x4 /home/cipolotti/st/stm32cubeide_1.18.1/plugins/com.st.stm32cube.ide.mcu.externaltools.gnu-tools-for-stm32.13.3.rel1.linux64_1.0.0.202410170706/tools/bin/../lib/gcc/arm-none-eabi/13.3.1/thumb/v6-m/nofp/libgcc.a(_dvmd_tls.o)
                0x080003f0                __aeabi_ldiv0
                0x080003f0                __aeabi_idiv0
 *(.text*)
 .text.__NVIC_EnableIRQ
                0x080003f4       0x34 ./Src/EUSART.o
 .text.__NVIC_SetPriority
                0x08000428       0xdc ./Src/EUSART.o
 .text.EUSART1_Init
                0x08000504       0xa0 ./Src/EUSART.o
                0x08000504                EUSART1_Init
 .text.EUSART1_Write
                0x080005a4       0x30 ./Src/EUSART.o
                0x080005a4                EUSART1_Write
 .text.EUSART1_Write_Text
                0x080005d4       0x38 ./Src/EUSART.o
                0x080005d4                EUSART1_Write_Text
 .text.EUSART1_Write_Text_ln
                0x0800060c       0x24 ./Src/EUSART.o
                0x0800060c                EUSART1_Write_Text_ln
 .text.SPI1_Init
                0x08000630       0xf4 ./Src/SPI.o
                0x08000630                SPI1_Init
 .text.SPI1_Write
                0x08000724       0x4c ./Src/SPI.o
                0x08000724                SPI1_Write
 .text.__NVIC_EnableIRQ
                0x08000770       0x34 ./Src/configs.o
 .text.__NVIC_SetPriority
                0x080007a4       0xdc ./Src/configs.o
 .text.OscInit  0x08000880       0x48 ./Src/configs.o
                0x08000880                OscInit
 .text.GPIO_Init
                0x080008c8       0xe0 ./Src/configs.o
                0x080008c8                GPIO_Init
 .text.TIM3_Init
                0x080009a8       0x54 ./Src/configs.o
                0x080009a8                TIM3_Init
 .text.Delay_ms
                0x080009fc       0x6c ./Src/delay.o
                0x080009fc                Delay_ms
 .text.USART1_IRQHandler
                0x08000a68       0x34 ./Src/main.o
                0x08000a68                USART1_IRQHandler
 .text.TIM3_IRQHandler
                0x08000a9c       0x58 ./Src/main.o
                0x08000a9c                TIM3_IRQHandler
 .text.main     0x08000af4       0xcc ./Src/main.o
                0x08000af4                main
 .text.Reset_Handler
                0x08000bc0       0x50 ./Startup/startup_stm32f030k6tx.o
                0x08000bc0                Reset_Handler
 .text.Default_Handler
                0x08000c10        0x2 ./Startup/startup_stm32f030k6tx.o
                0x08000c10                TIM1_CC_IRQHandler
                0x08000c10                HardFault_Handler
                0x08000c10                TIM6_IRQHandler
                0x08000c10                SysTick_Handler
                0x08000c10                PVD_IRQHandler
                0x08000c10                PendSV_Handler
                0x08000c10                NMI_Handler
                0x08000c10                I2C1_IRQHandler
                0x08000c10                SPI1_IRQHandler
                0x08000c10                EXTI2_3_IRQHandler
                0x08000c10                I2C2_IRQHandler
                0x08000c10                TIM17_IRQHandler
                0x08000c10                RTC_IRQHandler
                0x08000c10                TIM16_IRQHandler
                0x08000c10                EXTI4_15_IRQHandler
                0x08000c10                RCC_IRQHandler
                0x08000c10                Default_Handler
                0x08000c10                TIM14_IRQHandler
                0x08000c10                ADC_IRQHandler
                0x08000c10                DMA1_CH2_3_IRQHandler
                0x08000c10                TIM15_IRQHandler
                0x08000c10                EXTI0_1_IRQHandler
                0x08000c10                USB_IRQHandler
                0x08000c10                SPI2_IRQHandler
                0x08000c10                DMA1_CH1_IRQHandler
                0x08000c10                SVC_Handler
                0x08000c10                DMA1_CH4_5_IRQHandler
                0x08000c10                WWDG_IRQHandler
                0x08000c10                USART2_IRQHandler
                0x08000c10                FLASH_IRQHandler
                0x08000c10                TIM1_BRK_UP_TRG_COM_IRQHandler
                0x08000c10                USART3_4_5_6_IRQHandler
 *fill*         0x08000c12        0x2 
 .text.__libc_init_array
                0x08000c14       0x48 /home/cipolotti/st/stm32cubeide_1.18.1/plugins/com.st.stm32cube.ide.mcu.externaltools.gnu-tools-for-stm32.13.3.rel1.linux64_1.0.0.202410170706/tools/bin/../lib/gcc/arm-none-eabi/13.3.1/../../../../arm-none-eabi/lib/thumb/v6-m/nofp/libc_nano.a(libc_a-init.o)
                0x08000c14                __libc_init_array
 *(.glue_7)
 .glue_7        0x08000c5c        0x0 linker stubs
 *(.glue_7t)
 .glue_7t       0x08000c5c        0x0 linker stubs
 *(.eh_frame)
 .eh_frame      0x08000c5c        0x0 /home/cipolotti/st/stm32cubeide_1.18.1/plugins/com.st.stm32cube.ide.mcu.externaltools.gnu-tools-for-stm32.13.3.rel1.linux64_1.0.0.202410170706/tools/bin/../lib/gcc/arm-none-eabi/13.3.1/thumb/v6-m/nofp/crtbegin.o
 *(.init)
 .init          0x08000c5c        0x4 /home/cipolotti/st/stm32cubeide_1.18.1/plugins/com.st.stm32cube.ide.mcu.externaltools.gnu-tools-for-stm32.13.3.rel1.linux64_1.0.0.202410170706/tools/bin/../lib/gcc/arm-none-eabi/13.3.1/thumb/v6-m/nofp/crti.o
                0x08000c5c                _init
 .init          0x08000c60        0x8 /home/cipolotti/st/stm32cubeide_1.18.1/plugins/com.st.stm32cube.ide.mcu.externaltools.gnu-tools-for-stm32.13.3.rel1.linux64_1.0.0.202410170706/tools/bin/../lib/gcc/arm-none-eabi/13.3.1/thumb/v6-m/nofp/crtn.o
 *(.fini)
 .fini          0x08000c68        0x4 /home/cipolotti/st/stm32cubeide_1.18.1/plugins/com.st.stm32cube.ide.mcu.externaltools.gnu-tools-for-stm32.13.3.rel1.linux64_1.0.0.202410170706/tools/bin/../lib/gcc/arm-none-eabi/13.3.1/thumb/v6-m/nofp/crti.o
                0x08000c68                _fini
 .fini          0x08000c6c        0x8 /home/cipolotti/st/stm32cubeide_1.18.1/plugins/com.st.stm32cube.ide.mcu.externaltools.gnu-tools-for-stm32.13.3.rel1.linux64_1.0.0.202410170706/tools/bin/../lib/gcc/arm-none-eabi/13.3.1/thumb/v6-m/nofp/crtn.o
                0x08000c74                        . = ALIGN (0x4)
                0x08000c74                        _etext = .

.vfp11_veneer   0x08000c74        0x0
 .vfp11_veneer  0x08000c74        0x0 linker stubs

.v4_bx          0x08000c74        0x0
 .v4_bx         0x08000c74        0x0 linker stubs

.iplt           0x08000c74        0x0
 .iplt          0x08000c74        0x0 /home/cipolotti/st/stm32cubeide_1.18.1/plugins/com.st.stm32cube.ide.mcu.externaltools.gnu-tools-for-stm32.13.3.rel1.linux64_1.0.0.202410170706/tools/bin/../lib/gcc/arm-none-eabi/13.3.1/thumb/v6-m/nofp/crtbegin.o

.rodata         0x08000c74       0x70
                0x08000c74                        . = ALIGN (0x4)
 *(.rodata)
 .rodata        0x08000c74       0x6f ./Src/main.o
 *(.rodata*)
                0x08000ce4                        . = ALIGN (0x4)
 *fill*         0x08000ce3        0x1 

.ARM.extab      0x08000ce4        0x0
                0x08000ce4                        . = ALIGN (0x4)
 *(.ARM.extab* .gnu.linkonce.armextab.*)
                0x08000ce4                        . = ALIGN (0x4)

.ARM            0x08000ce4        0x0
                0x08000ce4                        . = ALIGN (0x4)
                0x08000ce4                        __exidx_start = .
 *(.ARM.exidx*)
                0x08000ce4                        __exidx_end = .
                0x08000ce4                        . = ALIGN (0x4)

.preinit_array  0x08000ce4        0x0
                0x08000ce4                        . = ALIGN (0x4)
                0x08000ce4                        PROVIDE (__preinit_array_start = .)
 *(.preinit_array*)
                0x08000ce4                        PROVIDE (__preinit_array_end = .)
                0x08000ce4                        . = ALIGN (0x4)

.init_array     0x08000ce4        0x4
                0x08000ce4                        . = ALIGN (0x4)
                0x08000ce4                        PROVIDE (__init_array_start = .)
 *(SORT_BY_NAME(.init_array.*))
 *(.init_array*)
 .init_array    0x08000ce4        0x4 /home/cipolotti/st/stm32cubeide_1.18.1/plugins/com.st.stm32cube.ide.mcu.externaltools.gnu-tools-for-stm32.13.3.rel1.linux64_1.0.0.202410170706/tools/bin/../lib/gcc/arm-none-eabi/13.3.1/thumb/v6-m/nofp/crtbegin.o
                0x08000ce8                        PROVIDE (__init_array_end = .)
                0x08000ce8                        . = ALIGN (0x4)

.fini_array     0x08000ce8        0x4
                0x08000ce8                        . = ALIGN (0x4)
                [!provide]                        PROVIDE (__fini_array_start = .)
 *(SORT_BY_NAME(.fini_array.*))
 *(.fini_array*)
 .fini_array    0x08000ce8        0x4 /home/cipolotti/st/stm32cubeide_1.18.1/plugins/com.st.stm32cube.ide.mcu.externaltools.gnu-tools-for-stm32.13.3.rel1.linux64_1.0.0.202410170706/tools/bin/../lib/gcc/arm-none-eabi/13.3.1/thumb/v6-m/nofp/crtbegin.o
                [!provide]                        PROVIDE (__fini_array_end = .)
                0x08000cec                        . = ALIGN (0x4)
                0x08000cec                        _sidata = LOADADDR (.data)

.rel.dyn        0x08000cec        0x0
 .rel.iplt      0x08000cec        0x0 /home/cipolotti/st/stm32cubeide_1.18.1/plugins/com.st.stm32cube.ide.mcu.externaltools.gnu-tools-for-stm32.13.3.rel1.linux64_1.0.0.202410170706/tools/bin/../lib/gcc/arm-none-eabi/13.3.1/thumb/v6-m/nofp/crtbegin.o

.data           0x20000000        0x0 load address 0x08000cec
                0x20000000                        . = ALIGN (0x4)
                0x20000000                        _sdata = .
 *(.data)
 *(.data*)
 *(.RamFunc)
 *(.RamFunc*)
                0x20000000                        . = ALIGN (0x4)
                0x20000000                        _edata = .

.igot.plt       0x20000000        0x0 load address 0x08000cec
 .igot.plt      0x20000000        0x0 /home/cipolotti/st/stm32cubeide_1.18.1/plugins/com.st.stm32cube.ide.mcu.externaltools.gnu-tools-for-stm32.13.3.rel1.linux64_1.0.0.202410170706/tools/bin/../lib/gcc/arm-none-eabi/13.3.1/thumb/v6-m/nofp/crtbegin.o
                0x20000000                        . = ALIGN (0x4)

.bss            0x20000000       0x20 load address 0x08000cec
                0x20000000                        _sbss = .
                0x20000000                        __bss_start__ = _sbss
 *(.bss)
 .bss           0x20000000       0x1c /home/cipolotti/st/stm32cubeide_1.18.1/plugins/com.st.stm32cube.ide.mcu.externaltools.gnu-tools-for-stm32.13.3.rel1.linux64_1.0.0.202410170706/tools/bin/../lib/gcc/arm-none-eabi/13.3.1/thumb/v6-m/nofp/crtbegin.o
 *(.bss*)
 .bss.uart_rd   0x2000001c        0x1 ./Src/main.o
                0x2000001c                uart_rd
 .bss.receive   0x2000001d        0x1 ./Src/main.o
                0x2000001d                receive
 .bss.mili_seconds_counter
                0x2000001e        0x2 ./Src/main.o
                0x2000001e                mili_seconds_counter
 *(COMMON)
                0x20000020                        . = ALIGN (0x4)
                0x20000020                        _ebss = .
                0x20000020                        __bss_end__ = _ebss

._user_heap_stack
                0x20000020      0x600 load address 0x08000cec
                0x20000020                        . = ALIGN (0x8)
                [!provide]                        PROVIDE (end = .)
                0x20000020                        PROVIDE (_end = .)
                0x20000220                        . = (. + _Min_Heap_Size)
 *fill*         0x20000020      0x200 
                0x20000620                        . = (. + _Min_Stack_Size)
 *fill*         0x20000220      0x400 
                0x20000620                        . = ALIGN (0x8)

/DISCARD/
 libc.a(*)
 libm.a(*)
 libgcc.a(*)

.ARM.attributes
                0x00000000       0x28
 *(.ARM.attributes)
 .ARM.attributes
                0x00000000       0x1e /home/cipolotti/st/stm32cubeide_1.18.1/plugins/com.st.stm32cube.ide.mcu.externaltools.gnu-tools-for-stm32.13.3.rel1.linux64_1.0.0.202410170706/tools/bin/../lib/gcc/arm-none-eabi/13.3.1/thumb/v6-m/nofp/crti.o
 .ARM.attributes
                0x0000001e       0x2c /home/cipolotti/st/stm32cubeide_1.18.1/plugins/com.st.stm32cube.ide.mcu.externaltools.gnu-tools-for-stm32.13.3.rel1.linux64_1.0.0.202410170706/tools/bin/../lib/gcc/arm-none-eabi/13.3.1/thumb/v6-m/nofp/crtbegin.o
 .ARM.attributes
                0x0000004a       0x2c ./Src/EUSART.o
 .ARM.attributes
                0x00000076       0x2c ./Src/SPI.o
 .ARM.attributes
                0x000000a2       0x2c ./Src/configs.o
 .ARM.attributes
                0x000000ce       0x2c ./Src/delay.o
 .ARM.attributes
                0x000000fa       0x2c ./Src/main.o
 .ARM.attributes
                0x00000126       0x21 ./Startup/startup_stm32f030k6tx.o
 .ARM.attributes
                0x00000147       0x2c /home/cipolotti/st/stm32cubeide_1.18.1/plugins/com.st.stm32cube.ide.mcu.externaltools.gnu-tools-for-stm32.13.3.rel1.linux64_1.0.0.202410170706/tools/bin/../lib/gcc/arm-none-eabi/13.3.1/../../../../arm-none-eabi/lib/thumb/v6-m/nofp/libc_nano.a(libc_a-init.o)
 .ARM.attributes
                0x00000173       0x1e /home/cipolotti/st/stm32cubeide_1.18.1/plugins/com.st.stm32cube.ide.mcu.externaltools.gnu-tools-for-stm32.13.3.rel1.linux64_1.0.0.202410170706/tools/bin/../lib/gcc/arm-none-eabi/13.3.1/thumb/v6-m/nofp/libgcc.a(_udivsi3.o)
 .ARM.attributes
                0x00000191       0x1e /home/cipolotti/st/stm32cubeide_1.18.1/plugins/com.st.stm32cube.ide.mcu.externaltools.gnu-tools-for-stm32.13.3.rel1.linux64_1.0.0.202410170706/tools/bin/../lib/gcc/arm-none-eabi/13.3.1/thumb/v6-m/nofp/libgcc.a(_divsi3.o)
 .ARM.attributes
                0x000001af       0x1e /home/cipolotti/st/stm32cubeide_1.18.1/plugins/com.st.stm32cube.ide.mcu.externaltools.gnu-tools-for-stm32.13.3.rel1.linux64_1.0.0.202410170706/tools/bin/../lib/gcc/arm-none-eabi/13.3.1/thumb/v6-m/nofp/libgcc.a(_dvmd_tls.o)
 .ARM.attributes
                0x000001cd       0x1e /home/cipolotti/st/stm32cubeide_1.18.1/plugins/com.st.stm32cube.ide.mcu.externaltools.gnu-tools-for-stm32.13.3.rel1.linux64_1.0.0.202410170706/tools/bin/../lib/gcc/arm-none-eabi/13.3.1/thumb/v6-m/nofp/crtn.o
OUTPUT(PROG.elf elf32-littlearm)
LOAD linker stubs
LOAD /home/cipolotti/st/stm32cubeide_1.18.1/plugins/com.st.stm32cube.ide.mcu.externaltools.gnu-tools-for-stm32.13.3.rel1.linux64_1.0.0.202410170706/tools/bin/../lib/gcc/arm-none-eabi/13.3.1/../../../../arm-none-eabi/lib/thumb/v6-m/nofp/libc.a
LOAD /home/cipolotti/st/stm32cubeide_1.18.1/plugins/com.st.stm32cube.ide.mcu.externaltools.gnu-tools-for-stm32.13.3.rel1.linux64_1.0.0.202410170706/tools/bin/../lib/gcc/arm-none-eabi/13.3.1/../../../../arm-none-eabi/lib/thumb/v6-m/nofp/libm.a
LOAD /home/cipolotti/st/stm32cubeide_1.18.1/plugins/com.st.stm32cube.ide.mcu.externaltools.gnu-tools-for-stm32.13.3.rel1.linux64_1.0.0.202410170706/tools/bin/../lib/gcc/arm-none-eabi/13.3.1/thumb/v6-m/nofp/libgcc.a

.debug_info     0x00000000     0x149a
 .debug_info    0x00000000      0x677 ./Src/EUSART.o
 .debug_info    0x00000677      0x2a4 ./Src/SPI.o
 .debug_info    0x0000091b      0x614 ./Src/configs.o
 .debug_info    0x00000f2f      0x119 ./Src/delay.o
 .debug_info    0x00001048      0x422 ./Src/main.o
 .debug_info    0x0000146a       0x30 ./Startup/startup_stm32f030k6tx.o

.debug_abbrev   0x00000000      0x70a
 .debug_abbrev  0x00000000      0x1ea ./Src/EUSART.o
 .debug_abbrev  0x000001ea      0x116 ./Src/SPI.o
 .debug_abbrev  0x00000300      0x19f ./Src/configs.o
 .debug_abbrev  0x0000049f       0xc8 ./Src/delay.o
 .debug_abbrev  0x00000567      0x17f ./Src/main.o
 .debug_abbrev  0x000006e6       0x24 ./Startup/startup_stm32f030k6tx.o

.debug_aranges  0x00000000      0x138
 .debug_aranges
                0x00000000       0x58 ./Src/EUSART.o
 .debug_aranges
                0x00000058       0x28 ./Src/SPI.o
 .debug_aranges
                0x00000080       0x40 ./Src/configs.o
 .debug_aranges
                0x000000c0       0x20 ./Src/delay.o
 .debug_aranges
                0x000000e0       0x30 ./Src/main.o
 .debug_aranges
                0x00000110       0x28 ./Startup/startup_stm32f030k6tx.o

.debug_rnglists
                0x00000000       0xd2
 .debug_rnglists
                0x00000000       0x3f ./Src/EUSART.o
 .debug_rnglists
                0x0000003f       0x1a ./Src/SPI.o
 .debug_rnglists
                0x00000059       0x2d ./Src/configs.o
 .debug_rnglists
                0x00000086       0x13 ./Src/delay.o
 .debug_rnglists
                0x00000099       0x20 ./Src/main.o
 .debug_rnglists
                0x000000b9       0x19 ./Startup/startup_stm32f030k6tx.o

.debug_macro    0x00000000     0x8605
 .debug_macro   0x00000000       0xbe ./Src/EUSART.o
 .debug_macro   0x000000be      0xab4 ./Src/EUSART.o
 .debug_macro   0x00000b72       0x22 ./Src/EUSART.o
 .debug_macro   0x00000b94       0x22 ./Src/EUSART.o
 .debug_macro   0x00000bb6       0x8e ./Src/EUSART.o
 .debug_macro   0x00000c44       0x51 ./Src/EUSART.o
 .debug_macro   0x00000c95      0x103 ./Src/EUSART.o
 .debug_macro   0x00000d98       0x6a ./Src/EUSART.o
 .debug_macro   0x00000e02      0x1df ./Src/EUSART.o
 .debug_macro   0x00000fe1       0x1c ./Src/EUSART.o
 .debug_macro   0x00000ffd       0x22 ./Src/EUSART.o
 .debug_macro   0x0000101f       0xaf ./Src/EUSART.o
 .debug_macro   0x000010ce      0x391 ./Src/EUSART.o
 .debug_macro   0x0000145f     0x6e6e ./Src/EUSART.o
 .debug_macro   0x000082cd       0x34 ./Src/EUSART.o
 .debug_macro   0x00008301       0xb5 ./Src/SPI.o
 .debug_macro   0x000083b6       0xbe ./Src/configs.o
 .debug_macro   0x00008474       0xb5 ./Src/delay.o
 .debug_macro   0x00008529       0xdc ./Src/main.o

.debug_line     0x00000000     0x1bc9
 .debug_line    0x00000000      0x62a ./Src/EUSART.o
 .debug_line    0x0000062a      0x534 ./Src/SPI.o
 .debug_line    0x00000b5e      0x604 ./Src/configs.o
 .debug_line    0x00001162      0x4b4 ./Src/delay.o
 .debug_line    0x00001616      0x538 ./Src/main.o
 .debug_line    0x00001b4e       0x7b ./Startup/startup_stm32f030k6tx.o

.debug_str      0x00000000    0x2bc30
 .debug_str     0x00000000    0x2bc30 ./Src/EUSART.o
                              0x2bc59 (size before relaxing)
 .debug_str     0x0002bc30    0x2b8df ./Src/SPI.o
 .debug_str     0x0002bc30    0x2bc1b ./Src/configs.o
 .debug_str     0x0002bc30    0x2b847 ./Src/delay.o
 .debug_str     0x0002bc30    0x2bab8 ./Src/main.o
 .debug_str     0x0002bc30       0x92 ./Startup/startup_stm32f030k6tx.o

.comment        0x00000000       0x43
 .comment       0x00000000       0x43 ./Src/EUSART.o
                                 0x44 (size before relaxing)
 .comment       0x00000043       0x44 ./Src/SPI.o
 .comment       0x00000043       0x44 ./Src/configs.o
 .comment       0x00000043       0x44 ./Src/delay.o
 .comment       0x00000043       0x44 ./Src/main.o

.debug_frame    0x00000000      0x2fc
 .debug_frame   0x00000000      0x10c ./Src/EUSART.o
 .debug_frame   0x0000010c       0x4c ./Src/SPI.o
 .debug_frame   0x00000158       0xa4 ./Src/configs.o
 .debug_frame   0x000001fc       0x30 ./Src/delay.o
 .debug_frame   0x0000022c       0x64 ./Src/main.o
 .debug_frame   0x00000290       0x2c /home/cipolotti/st/stm32cubeide_1.18.1/plugins/com.st.stm32cube.ide.mcu.externaltools.gnu-tools-for-stm32.13.3.rel1.linux64_1.0.0.202410170706/tools/bin/../lib/gcc/arm-none-eabi/13.3.1/../../../../arm-none-eabi/lib/thumb/v6-m/nofp/libc_nano.a(libc_a-init.o)
 .debug_frame   0x000002bc       0x20 /home/cipolotti/st/stm32cubeide_1.18.1/plugins/com.st.stm32cube.ide.mcu.externaltools.gnu-tools-for-stm32.13.3.rel1.linux64_1.0.0.202410170706/tools/bin/../lib/gcc/arm-none-eabi/13.3.1/thumb/v6-m/nofp/libgcc.a(_udivsi3.o)
 .debug_frame   0x000002dc       0x20 /home/cipolotti/st/stm32cubeide_1.18.1/plugins/com.st.stm32cube.ide.mcu.externaltools.gnu-tools-for-stm32.13.3.rel1.linux64_1.0.0.202410170706/tools/bin/../lib/gcc/arm-none-eabi/13.3.1/thumb/v6-m/nofp/libgcc.a(_divsi3.o)

.debug_line_str
                0x00000000       0x76
 .debug_line_str
                0x00000000       0x76 ./Startup/startup_stm32f030k6tx.o
